nohup: ignoring input

============================================================
Processing BFCL_v4_multi_turn_base...
============================================================
Loading test data...
✓ Loaded 200 test entries
Loading ground truth answers...
✓ Loaded answers for 200 entries
  Processed 10/200 entries...
  Processed 20/200 entries...
  Processed 30/200 entries...
  Processed 40/200 entries...
  Processed 50/200 entries...
  Processed 60/200 entries...
  Processed 70/200 entries...
  Processed 80/200 entries...
  Processed 90/200 entries...
  Processed 100/200 entries...
  Processed 110/200 entries...
  Processed 120/200 entries...
  Processed 130/200 entries...
  Processed 140/200 entries...
  Processed 150/200 entries...
  Processed 160/200 entries...
  Processed 170/200 entries...
  Processed 180/200 entries...
  Processed 190/200 entries...
  Processed 200/200 entries...
✓ Generated 745 conversation turns

============================================================
Processing BFCL_v4_multi_turn_long_context...
============================================================
Loading test data...
✓ Loaded 200 test entries
Loading ground truth answers...
✓ Loaded answers for 200 entries
  Processed 10/200 entries...
  Processed 20/200 entries...
  Processed 30/200 entries...
  Processed 40/200 entries...
  Processed 50/200 entries...
  Processed 60/200 entries...
  Processed 70/200 entries...
  Processed 80/200 entries...
  Processed 90/200 entries...
  Processed 100/200 entries...
  Processed 110/200 entries...
  Processed 120/200 entries...
  Processed 130/200 entries...
  Processed 140/200 entries...
  Processed 150/200 entries...
  Processed 160/200 entries...
  Processed 170/200 entries...
  Processed 180/200 entries...
  Processed 190/200 entries...
  Processed 200/200 entries...
✓ Generated 745 conversation turns

============================================================
Processing BFCL_v4_multi_turn_miss_func...
============================================================
Loading test data...
✓ Loaded 200 test entries
Loading ground truth answers...
✓ Loaded answers for 200 entries
  Processed 10/200 entries...
  Processed 20/200 entries...
  Processed 30/200 entries...
  Processed 40/200 entries...
  Processed 50/200 entries...
  Processed 60/200 entries...
  Processed 70/200 entries...
  Processed 80/200 entries...
  Processed 90/200 entries...
  Processed 100/200 entries...
  Processed 110/200 entries...
  Processed 120/200 entries...
  Processed 130/200 entries...
  Processed 140/200 entries...
  Processed 150/200 entries...
  Processed 160/200 entries...
  Processed 170/200 entries...
  Processed 180/200 entries...
  Processed 190/200 entries...
  Processed 200/200 entries...
✓ Generated 945 conversation turns

============================================================
Processing BFCL_v4_multi_turn_miss_param...
============================================================
Loading test data...
✓ Loaded 200 test entries
Loading ground truth answers...
✓ Loaded answers for 200 entries
  Processed 10/200 entries...
  Processed 20/200 entries...
  Processed 30/200 entries...
  Processed 40/200 entries...
  Processed 50/200 entries...
  Processed 60/200 entries...
  Processed 70/200 entries...
  Processed 80/200 entries...
  Processed 90/200 entries...
  Processed 100/200 entries...
  Processed 110/200 entries...
  Processed 120/200 entries...
  Processed 130/200 entries...
  Processed 140/200 entries...
  Processed 150/200 entries...
  Processed 160/200 entries...
  Processed 170/200 entries...
  Processed 180/200 entries...
  Processed 190/200 entries...
  Processed 200/200 entries...
✓ Generated 945 conversation turns

============================================================
Writing all 3380 conversation turns to bfcl_multiturn_xlam_with_responses.jsonl...
============================================================
✓ Successfully wrote 3380 conversation turns

============================================================
=== Overall Statistics ===
============================================================
Total datasets processed: 4
Total conversation turns: 3380

=== Dataset Breakdown ===
BFCL_v4_multi_turn_base                 :  745 turns
BFCL_v4_multi_turn_long_context         :  745 turns
BFCL_v4_multi_turn_miss_func            :  945 turns
BFCL_v4_multi_turn_miss_param           :  945 turns

============================================================
=== First Example with Tool Response ===
============================================================
ID: multi_turn_base_0_turn_0
Turn: 1/4
Number of messages: 2
Ground truth: 3 tool calls
Tool responses: 3 responses

Ground truth (JSON format):
  [{"name": "cd", "arguments": {"folder": "document"}}, {"name": "mkdir", "arguments": {"dir_name": "temp"}}, {"name": "mv", "arguments": {"source": "final_report.pdf", "destination": "temp"}}]

Tool responses:
  [0] {"current_working_directory": "document"}
  [1] None
  [2] {"result": "'final_report.pdf' moved to 'temp/final_report.pdf'"}
